  Determining projects to restore...
  All projects are up-to-date for restore.
C:\code\OJT\Nhánh mnam\ojt_summer25_group2_movie\UI\Areas\UserManagement\Views\Members\Create.cshtml(558,43): error RZ1005: "]" is not valid at the start of a code block.  Only identifiers, keywords, comments, "(" and "{" are valid. [C:\code\OJT\Nhánh mnam\ojt_summer25_group2_movie\UI\UI.csproj]
C:\code\OJT\Nhánh mnam\ojt_summer25_group2_movie\UI\Areas\UserManagement\Views\Members\Create.cshtml(558,46): error RZ1005: "[" is not valid at the start of a code block.  Only identifiers, keywords, comments, "(" and "{" are valid. [C:\code\OJT\Nhánh mnam\ojt_summer25_group2_movie\UI\UI.csproj]
C:\code\OJT\Nhánh mnam\ojt_summer25_group2_movie\UI\Areas\UserManagement\Views\Members\Create.cshtml(558,51): error RZ1005: "]" is not valid at the start of a code block.  Only identifiers, keywords, comments, "(" and "{" are valid. [C:\code\OJT\Nhánh mnam\ojt_summer25_group2_movie\UI\UI.csproj]
C:\code\OJT\Nhánh mnam\ojt_summer25_group2_movie\UI\Areas\UserManagement\Views\Members\Create.cshtml(558,60): error RZ1005: "]" is not valid at the start of a code block.  Only identifiers, keywords, comments, "(" and "{" are valid. [C:\code\OJT\Nhánh mnam\ojt_summer25_group2_movie\UI\UI.csproj]
C:\code\OJT\Nhánh mnam\ojt_summer25_group2_movie\UI\Areas\UserManagement\Views\Members\Edit.cshtml(787,43): error RZ1005: "]" is not valid at the start of a code block.  Only identifiers, keywords, comments, "(" and "{" are valid. [C:\code\OJT\Nhánh mnam\ojt_summer25_group2_movie\UI\UI.csproj]
C:\code\OJT\Nhánh mnam\ojt_summer25_group2_movie\UI\Areas\UserManagement\Views\Members\Edit.cshtml(787,46): error RZ1005: "[" is not valid at the start of a code block.  Only identifiers, keywords, comments, "(" and "{" are valid. [C:\code\OJT\Nhánh mnam\ojt_summer25_group2_movie\UI\UI.csproj]
C:\code\OJT\Nhánh mnam\ojt_summer25_group2_movie\UI\Areas\UserManagement\Views\Members\Edit.cshtml(787,51): error RZ1005: "]" is not valid at the start of a code block.  Only identifiers, keywords, comments, "(" and "{" are valid. [C:\code\OJT\Nhánh mnam\ojt_summer25_group2_movie\UI\UI.csproj]
C:\code\OJT\Nhánh mnam\ojt_summer25_group2_movie\UI\Areas\UserManagement\Views\Members\Edit.cshtml(787,60): error RZ1005: "]" is not valid at the start of a code block.  Only identifiers, keywords, comments, "(" and "{" are valid. [C:\code\OJT\Nhánh mnam\ojt_summer25_group2_movie\UI\UI.csproj]
C:\code\OJT\Nhánh mnam\ojt_summer25_group2_movie\UI\Controllers\HomeController.cs(378,28): warning CS8625: Cannot convert null literal to non-nullable reference type. [C:\code\OJT\Nhánh mnam\ojt_summer25_group2_movie\UI\UI.csproj]
C:\code\OJT\Nhánh mnam\ojt_summer25_group2_movie\UI\Controllers\HomeController.cs(433,28): warning CS8625: Cannot convert null literal to non-nullable reference type. [C:\code\OJT\Nhánh mnam\ojt_summer25_group2_movie\UI\UI.csproj]
C:\code\OJT\Nhánh mnam\ojt_summer25_group2_movie\UI\Services\CloudinaryImageService.cs(24,31): warning CS8625: Cannot convert null literal to non-nullable reference type. [C:\code\OJT\Nhánh mnam\ojt_summer25_group2_movie\UI\UI.csproj]
C:\code\OJT\Nhánh mnam\ojt_summer25_group2_movie\UI\Services\CloudinaryImageService.cs(37,35): warning CS8625: Cannot convert null literal to non-nullable reference type. [C:\code\OJT\Nhánh mnam\ojt_summer25_group2_movie\UI\UI.csproj]
C:\code\OJT\Nhánh mnam\ojt_summer25_group2_movie\UI\Services\CloudinaryImageService.cs(11,16): warning CS8618: Non-nullable field '_cloudinary' must contain a non-null value when exiting constructor. Consider adding the 'required' modifier or declaring the field as nullable. [C:\code\OJT\Nhánh mnam\ojt_summer25_group2_movie\UI\UI.csproj]
C:\code\OJT\Nhánh mnam\ojt_summer25_group2_movie\UI\Controllers\SelectSeatController.cs(67,25): warning CS8602: Dereference of a possibly null reference. [C:\code\OJT\Nhánh mnam\ojt_summer25_group2_movie\UI\UI.csproj]
C:\code\OJT\Nhánh mnam\ojt_summer25_group2_movie\UI\Models\SeatSelectionViewModel.cs(36,23): warning CS8618: Non-nullable property 'Message' must contain a non-null value when exiting constructor. Consider adding the 'required' modifier or declaring the property as nullable. [C:\code\OJT\Nhánh mnam\ojt_summer25_group2_movie\UI\UI.csproj]
C:\code\OJT\Nhánh mnam\ojt_summer25_group2_movie\UI\Models\SeatSelectionViewModel.cs(16,23): warning CS8618: Non-nullable property 'RoomName' must contain a non-null value when exiting constructor. Consider adding the 'required' modifier or declaring the property as nullable. [C:\code\OJT\Nhánh mnam\ojt_summer25_group2_movie\UI\UI.csproj]
C:\code\OJT\Nhánh mnam\ojt_summer25_group2_movie\UI\Models\SeatSelectionViewModel.cs(21,23): warning CS8618: Non-nullable property 'MovieTitle' must contain a non-null value when exiting constructor. Consider adding the 'required' modifier or declaring the property as nullable. [C:\code\OJT\Nhánh mnam\ojt_summer25_group2_movie\UI\UI.csproj]
C:\code\OJT\Nhánh mnam\ojt_summer25_group2_movie\UI\Models\SeatSelectionViewModel.cs(23,23): warning CS8618: Non-nullable property 'ShowTime' must contain a non-null value when exiting constructor. Consider adding the 'required' modifier or declaring the property as nullable. [C:\code\OJT\Nhánh mnam\ojt_summer25_group2_movie\UI\UI.csproj]
C:\code\OJT\Nhánh mnam\ojt_summer25_group2_movie\UI\Models\SeatSelectionViewModel.cs(25,23): warning CS8618: Non-nullable property 'MovieDescription' must contain a non-null value when exiting constructor. Consider adding the 'required' modifier or declaring the property as nullable. [C:\code\OJT\Nhánh mnam\ojt_summer25_group2_movie\UI\UI.csproj]
C:\code\OJT\Nhánh mnam\ojt_summer25_group2_movie\UI\Models\SeatSelectionViewModel.cs(26,23): warning CS8618: Non-nullable property 'MovieDirector' must contain a non-null value when exiting constructor. Consider adding the 'required' modifier or declaring the property as nullable. [C:\code\OJT\Nhánh mnam\ojt_summer25_group2_movie\UI\UI.csproj]
C:\code\OJT\Nhánh mnam\ojt_summer25_group2_movie\UI\Models\SeatSelectionViewModel.cs(27,23): warning CS8618: Non-nullable property 'MovieActors' must contain a non-null value when exiting constructor. Consider adding the 'required' modifier or declaring the property as nullable. [C:\code\OJT\Nhánh mnam\ojt_summer25_group2_movie\UI\UI.csproj]
C:\code\OJT\Nhánh mnam\ojt_summer25_group2_movie\UI\Models\SeatSelectionViewModel.cs(29,23): warning CS8618: Non-nullable property 'MoviePrimaryImageUrl' must contain a non-null value when exiting constructor. Consider adding the 'required' modifier or declaring the property as nullable. [C:\code\OJT\Nhánh mnam\ojt_summer25_group2_movie\UI\UI.csproj]
C:\code\OJT\Nhánh mnam\ojt_summer25_group2_movie\UI\Models\SeatSelectionViewModel.cs(6,23): warning CS8618: Non-nullable property 'SeatCode' must contain a non-null value when exiting constructor. Consider adding the 'required' modifier or declaring the property as nullable. [C:\code\OJT\Nhánh mnam\ojt_summer25_group2_movie\UI\UI.csproj]
C:\code\OJT\Nhánh mnam\ojt_summer25_group2_movie\UI\Models\SeatSelectionViewModel.cs(7,23): warning CS8618: Non-nullable property 'SeatType' must contain a non-null value when exiting constructor. Consider adding the 'required' modifier or declaring the property as nullable. [C:\code\OJT\Nhánh mnam\ojt_summer25_group2_movie\UI\UI.csproj]
C:\code\OJT\Nhánh mnam\ojt_summer25_group2_movie\UI\Models\PromotionViewModels.cs(7,23): warning CS8618: Non-nullable property 'Id' must contain a non-null value when exiting constructor. Consider adding the 'required' modifier or declaring the property as nullable. [C:\code\OJT\Nhánh mnam\ojt_summer25_group2_movie\UI\UI.csproj]
C:\code\OJT\Nhánh mnam\ojt_summer25_group2_movie\UI\Models\PromotionViewModels.cs(10,23): warning CS8618: Non-nullable property 'Title' must contain a non-null value when exiting constructor. Consider adding the 'required' modifier or declaring the property as nullable. [C:\code\OJT\Nhánh mnam\ojt_summer25_group2_movie\UI\UI.csproj]
C:\code\OJT\Nhánh mnam\ojt_summer25_group2_movie\UI\Models\PromotionViewModels.cs(22,23): warning CS8618: Non-nullable property 'Description' must contain a non-null value when exiting constructor. Consider adding the 'required' modifier or declaring the property as nullable. [C:\code\OJT\Nhánh mnam\ojt_summer25_group2_movie\UI\UI.csproj]
C:\code\OJT\Nhánh mnam\ojt_summer25_group2_movie\UI\Models\PromotionViewModels.cs(24,23): warning CS8618: Non-nullable property 'ImageUrl' must contain a non-null value when exiting constructor. Consider adding the 'required' modifier or declaring the property as nullable. [C:\code\OJT\Nhánh mnam\ojt_summer25_group2_movie\UI\UI.csproj]
C:\code\OJT\Nhánh mnam\ojt_summer25_group2_movie\UI\Models\MovieDetailDto.cs(18,23): warning CS8618: Non-nullable property 'Name' must contain a non-null value when exiting constructor. Consider adding the 'required' modifier or declaring the property as nullable. [C:\code\OJT\Nhánh mnam\ojt_summer25_group2_movie\UI\UI.csproj]
C:\code\OJT\Nhánh mnam\ojt_summer25_group2_movie\UI\Models\MovieDetailDto.cs(19,23): warning CS8618: Non-nullable property 'Description' must contain a non-null value when exiting constructor. Consider adding the 'required' modifier or declaring the property as nullable. [C:\code\OJT\Nhánh mnam\ojt_summer25_group2_movie\UI\UI.csproj]
C:\code\OJT\Nhánh mnam\ojt_summer25_group2_movie\UI\Models\MovieDetailDto.cs(6,23): warning CS8618: Non-nullable property 'Title' must contain a non-null value when exiting constructor. Consider adding the 'required' modifier or declaring the property as nullable. [C:\code\OJT\Nhánh mnam\ojt_summer25_group2_movie\UI\UI.csproj]
C:\code\OJT\Nhánh mnam\ojt_summer25_group2_movie\UI\Models\MovieDetailDto.cs(7,23): warning CS8618: Non-nullable property 'Content' must contain a non-null value when exiting constructor. Consider adding the 'required' modifier or declaring the property as nullable. [C:\code\OJT\Nhánh mnam\ojt_summer25_group2_movie\UI\UI.csproj]
C:\code\OJT\Nhánh mnam\ojt_summer25_group2_movie\UI\Models\MovieDetailDto.cs(8,23): warning CS8618: Non-nullable property 'Director' must contain a non-null value when exiting constructor. Consider adding the 'required' modifier or declaring the property as nullable. [C:\code\OJT\Nhánh mnam\ojt_summer25_group2_movie\UI\UI.csproj]
C:\code\OJT\Nhánh mnam\ojt_summer25_group2_movie\UI\Models\MovieDetailDto.cs(9,23): warning CS8618: Non-nullable property 'Actors' must contain a non-null value when exiting constructor. Consider adding the 'required' modifier or declaring the property as nullable. [C:\code\OJT\Nhánh mnam\ojt_summer25_group2_movie\UI\UI.csproj]
C:\code\OJT\Nhánh mnam\ojt_summer25_group2_movie\UI\Models\MovieDetailDto.cs(11,23): warning CS8618: Non-nullable property 'PrimaryImageUrl' must contain a non-null value when exiting constructor. Consider adding the 'required' modifier or declaring the property as nullable. [C:\code\OJT\Nhánh mnam\ojt_summer25_group2_movie\UI\UI.csproj]
C:\code\OJT\Nhánh mnam\ojt_summer25_group2_movie\UI\Models\MovieDetailDto.cs(12,31): warning CS8618: Non-nullable property 'Genres' must contain a non-null value when exiting constructor. Consider adding the 'required' modifier or declaring the property as nullable. [C:\code\OJT\Nhánh mnam\ojt_summer25_group2_movie\UI\UI.csproj]
C:\code\OJT\Nhánh mnam\ojt_summer25_group2_movie\UI\Models\MovieDateShowtimeDropdown.cs(19,18): warning CS8618: Non-nullable property 'Data' must contain a non-null value when exiting constructor. Consider adding the 'required' modifier or declaring the property as nullable. [C:\code\OJT\Nhánh mnam\ojt_summer25_group2_movie\UI\UI.csproj]
C:\code\OJT\Nhánh mnam\ojt_summer25_group2_movie\UI\Models\MovieDateShowtimeDropdown.cs(21,23): warning CS8618: Non-nullable property 'Message' must contain a non-null value when exiting constructor. Consider adding the 'required' modifier or declaring the property as nullable. [C:\code\OJT\Nhánh mnam\ojt_summer25_group2_movie\UI\UI.csproj]
C:\code\OJT\Nhánh mnam\ojt_summer25_group2_movie\UI\Models\MovieDateShowtimeDropdown.cs(12,23): warning CS8618: Non-nullable property 'Time' must contain a non-null value when exiting constructor. Consider adding the 'required' modifier or declaring the property as nullable. [C:\code\OJT\Nhánh mnam\ojt_summer25_group2_movie\UI\UI.csproj]
C:\code\OJT\Nhánh mnam\ojt_summer25_group2_movie\UI\Models\MovieDateShowtimeDropdown.cs(6,23): warning CS8618: Non-nullable property 'Title' must contain a non-null value when exiting constructor. Consider adding the 'required' modifier or declaring the property as nullable. [C:\code\OJT\Nhánh mnam\ojt_summer25_group2_movie\UI\UI.csproj]
C:\code\OJT\Nhánh mnam\ojt_summer25_group2_movie\UI\Controllers\BookTicketController.cs(31,36): warning CS8601: Possible null reference assignment. [C:\code\OJT\Nhánh mnam\ojt_summer25_group2_movie\UI\UI.csproj]
C:\code\OJT\Nhánh mnam\ojt_summer25_group2_movie\UI\Controllers\BookTicketController.cs(32,83): warning CS8602: Dereference of a possibly null reference. [C:\code\OJT\Nhánh mnam\ojt_summer25_group2_movie\UI\UI.csproj]
C:\code\OJT\Nhánh mnam\ojt_summer25_group2_movie\UI\Views\Shared\_SharedHeader.cshtml(56,39): warning CS8602: Dereference of a possibly null reference. [C:\code\OJT\Nhánh mnam\ojt_summer25_group2_movie\UI\UI.csproj]
C:\code\OJT\Nhánh mnam\ojt_summer25_group2_movie\UI\Areas\UserManagement\Controllers\AccountController.cs(50,32): warning CS8601: Possible null reference assignment. [C:\code\OJT\Nhánh mnam\ojt_summer25_group2_movie\UI\UI.csproj]
C:\code\OJT\Nhánh mnam\ojt_summer25_group2_movie\UI\Controllers\HomeController.cs(396,46): warning CS8604: Possible null reference argument for parameter 'movies' in 'List<MovieViewModel> HomeController.ApplySorting(List<MovieViewModel> movies, string sortBy, string sortOrder)'. [C:\code\OJT\Nhánh mnam\ojt_summer25_group2_movie\UI\UI.csproj]
C:\code\OJT\Nhánh mnam\ojt_summer25_group2_movie\UI\Controllers\HomeController.cs(447,46): warning CS8604: Possible null reference argument for parameter 'movies' in 'List<MovieViewModel> HomeController.ApplyFilters(List<MovieViewModel> movies, string genre, DateTime? fromDate, DateTime? toDate)'. [C:\code\OJT\Nhánh mnam\ojt_summer25_group2_movie\UI\UI.csproj]
C:\code\OJT\Nhánh mnam\ojt_summer25_group2_movie\UI\Areas\BookingManagement\Controllers\BookingController.cs(30,42): warning CS1998: This async method lacks 'await' operators and will run synchronously. Consider using the 'await' operator to await non-blocking API calls, or 'await Task.Run(...)' to do CPU-bound work on a background thread. [C:\code\OJT\Nhánh mnam\ojt_summer25_group2_movie\UI\UI.csproj]
C:\code\OJT\Nhánh mnam\ojt_summer25_group2_movie\UI\Areas\BookingManagement\Controllers\BookingController.cs(134,25): warning CS8602: Dereference of a possibly null reference. [C:\code\OJT\Nhánh mnam\ojt_summer25_group2_movie\UI\UI.csproj]
C:\code\OJT\Nhánh mnam\ojt_summer25_group2_movie\UI\Areas\BookingManagement\Controllers\BookingController.cs(168,62): warning CS8602: Dereference of a possibly null reference. [C:\code\OJT\Nhánh mnam\ojt_summer25_group2_movie\UI\UI.csproj]
C:\code\OJT\Nhánh mnam\ojt_summer25_group2_movie\UI\Areas\BookingManagement\Controllers\BookingController.cs(248,42): warning CS1998: This async method lacks 'await' operators and will run synchronously. Consider using the 'await' operator to await non-blocking API calls, or 'await Task.Run(...)' to do CPU-bound work on a background thread. [C:\code\OJT\Nhánh mnam\ojt_summer25_group2_movie\UI\UI.csproj]
C:\code\OJT\Nhánh mnam\ojt_summer25_group2_movie\UI\Areas\BookingManagement\Controllers\BookingController.cs(257,42): warning CS1998: This async method lacks 'await' operators and will run synchronously. Consider using the 'await' operator to await non-blocking API calls, or 'await Task.Run(...)' to do CPU-bound work on a background thread. [C:\code\OJT\Nhánh mnam\ojt_summer25_group2_movie\UI\UI.csproj]
C:\code\OJT\Nhánh mnam\ojt_summer25_group2_movie\UI\Views\Shared\_Header.cshtml(47,71): warning CS8602: Dereference of a possibly null reference. [C:\code\OJT\Nhánh mnam\ojt_summer25_group2_movie\UI\UI.csproj]
C:\code\OJT\Nhánh mnam\ojt_summer25_group2_movie\UI\Areas\BookingManagement\Controllers\BookingController.cs(281,42): warning CS1998: This async method lacks 'await' operators and will run synchronously. Consider using the 'await' operator to await non-blocking API calls, or 'await Task.Run(...)' to do CPU-bound work on a background thread. [C:\code\OJT\Nhánh mnam\ojt_summer25_group2_movie\UI\UI.csproj]
C:\code\OJT\Nhánh mnam\ojt_summer25_group2_movie\UI\Areas\BookingManagement\Controllers\BookingController.cs(299,42): warning CS1998: This async method lacks 'await' operators and will run synchronously. Consider using the 'await' operator to await non-blocking API calls, or 'await Task.Run(...)' to do CPU-bound work on a background thread. [C:\code\OJT\Nhánh mnam\ojt_summer25_group2_movie\UI\UI.csproj]
C:\code\OJT\Nhánh mnam\ojt_summer25_group2_movie\UI\Areas\BookingManagement\Controllers\BookingController.cs(328,42): warning CS1998: This async method lacks 'await' operators and will run synchronously. Consider using the 'await' operator to await non-blocking API calls, or 'await Task.Run(...)' to do CPU-bound work on a background thread. [C:\code\OJT\Nhánh mnam\ojt_summer25_group2_movie\UI\UI.csproj]
C:\code\OJT\Nhánh mnam\ojt_summer25_group2_movie\UI\obj\Debug\net8.0\Microsoft.CodeAnalysis.Razor.Compiler\Microsoft.NET.Sdk.Razor.SourceGenerators.RazorSourceGenerator\Areas_UserManagement_Views_Members_Create_cshtml.g.cs(882,17): error CS1501: No overload for method 'Write' takes 0 arguments [C:\code\OJT\Nhánh mnam\ojt_summer25_group2_movie\UI\UI.csproj]
C:\code\OJT\Nhánh mnam\ojt_summer25_group2_movie\UI\obj\Debug\net8.0\Microsoft.CodeAnalysis.Razor.Compiler\Microsoft.NET.Sdk.Razor.SourceGenerators.RazorSourceGenerator\Areas_UserManagement_Views_Members_Create_cshtml.g.cs(891,17): error CS1501: No overload for method 'Write' takes 0 arguments [C:\code\OJT\Nhánh mnam\ojt_summer25_group2_movie\UI\UI.csproj]
C:\code\OJT\Nhánh mnam\ojt_summer25_group2_movie\UI\obj\Debug\net8.0\Microsoft.CodeAnalysis.Razor.Compiler\Microsoft.NET.Sdk.Razor.SourceGenerators.RazorSourceGenerator\Areas_UserManagement_Views_Members_Create_cshtml.g.cs(900,17): error CS1501: No overload for method 'Write' takes 0 arguments [C:\code\OJT\Nhánh mnam\ojt_summer25_group2_movie\UI\UI.csproj]
C:\code\OJT\Nhánh mnam\ojt_summer25_group2_movie\UI\obj\Debug\net8.0\Microsoft.CodeAnalysis.Razor.Compiler\Microsoft.NET.Sdk.Razor.SourceGenerators.RazorSourceGenerator\Areas_UserManagement_Views_Members_Create_cshtml.g.cs(909,17): error CS1501: No overload for method 'Write' takes 0 arguments [C:\code\OJT\Nhánh mnam\ojt_summer25_group2_movie\UI\UI.csproj]
C:\code\OJT\Nhánh mnam\ojt_summer25_group2_movie\UI\obj\Debug\net8.0\Microsoft.CodeAnalysis.Razor.Compiler\Microsoft.NET.Sdk.Razor.SourceGenerators.RazorSourceGenerator\Areas_UserManagement_Views_Members_Edit_cshtml.g.cs(1127,17): error CS1501: No overload for method 'Write' takes 0 arguments [C:\code\OJT\Nhánh mnam\ojt_summer25_group2_movie\UI\UI.csproj]
C:\code\OJT\Nhánh mnam\ojt_summer25_group2_movie\UI\obj\Debug\net8.0\Microsoft.CodeAnalysis.Razor.Compiler\Microsoft.NET.Sdk.Razor.SourceGenerators.RazorSourceGenerator\Areas_UserManagement_Views_Members_Edit_cshtml.g.cs(1136,17): error CS1501: No overload for method 'Write' takes 0 arguments [C:\code\OJT\Nhánh mnam\ojt_summer25_group2_movie\UI\UI.csproj]
C:\code\OJT\Nhánh mnam\ojt_summer25_group2_movie\UI\obj\Debug\net8.0\Microsoft.CodeAnalysis.Razor.Compiler\Microsoft.NET.Sdk.Razor.SourceGenerators.RazorSourceGenerator\Areas_UserManagement_Views_Members_Edit_cshtml.g.cs(1145,17): error CS1501: No overload for method 'Write' takes 0 arguments [C:\code\OJT\Nhánh mnam\ojt_summer25_group2_movie\UI\UI.csproj]
C:\code\OJT\Nhánh mnam\ojt_summer25_group2_movie\UI\obj\Debug\net8.0\Microsoft.CodeAnalysis.Razor.Compiler\Microsoft.NET.Sdk.Razor.SourceGenerators.RazorSourceGenerator\Areas_UserManagement_Views_Members_Edit_cshtml.g.cs(1154,17): error CS1501: No overload for method 'Write' takes 0 arguments [C:\code\OJT\Nhánh mnam\ojt_summer25_group2_movie\UI\UI.csproj]
C:\code\OJT\Nhánh mnam\ojt_summer25_group2_movie\UI\Areas\UserManagement\Views\Members\Index.cshtml(643,10): error CS0103: The name 'keyframes' does not exist in the current context [C:\code\OJT\Nhánh mnam\ojt_summer25_group2_movie\UI\UI.csproj]
C:\code\OJT\Nhánh mnam\ojt_summer25_group2_movie\UI\Areas\UserManagement\Views\Members\Index.cshtml(740,10): error CS0103: The name 'keyframes' does not exist in the current context [C:\code\OJT\Nhánh mnam\ojt_summer25_group2_movie\UI\UI.csproj]
C:\code\OJT\Nhánh mnam\ojt_summer25_group2_movie\UI\Areas\UserManagement\Views\Members\Index.cshtml(749,10): error CS0103: The name 'keyframes' does not exist in the current context [C:\code\OJT\Nhánh mnam\ojt_summer25_group2_movie\UI\UI.csproj]
C:\code\OJT\Nhánh mnam\ojt_summer25_group2_movie\UI\Areas\UserManagement\Views\Members\Index.cshtml(982,10): error CS0103: The name 'keyframes' does not exist in the current context [C:\code\OJT\Nhánh mnam\ojt_summer25_group2_movie\UI\UI.csproj]
C:\code\OJT\Nhánh mnam\ojt_summer25_group2_movie\UI\Areas\UserManagement\Views\Members\Index.cshtml(993,10): error CS0103: The name 'keyframes' does not exist in the current context [C:\code\OJT\Nhánh mnam\ojt_summer25_group2_movie\UI\UI.csproj]
C:\code\OJT\Nhánh mnam\ojt_summer25_group2_movie\UI\Areas\UserManagement\Views\Members\Index.cshtml(1004,10): error CS0103: The name 'keyframes' does not exist in the current context [C:\code\OJT\Nhánh mnam\ojt_summer25_group2_movie\UI\UI.csproj]
C:\code\OJT\Nhánh mnam\ojt_summer25_group2_movie\UI\Areas\UserManagement\Views\Members\Index.cshtml(1028,10): error CS0103: The name 'media' does not exist in the current context [C:\code\OJT\Nhánh mnam\ojt_summer25_group2_movie\UI\UI.csproj]
C:\code\OJT\Nhánh mnam\ojt_summer25_group2_movie\UI\Areas\UserManagement\Views\Members\Index.cshtml(1034,10): error CS0103: The name 'media' does not exist in the current context [C:\code\OJT\Nhánh mnam\ojt_summer25_group2_movie\UI\UI.csproj]
C:\code\OJT\Nhánh mnam\ojt_summer25_group2_movie\UI\Areas\UserManagement\Views\Members\Index.cshtml(1093,10): error CS0103: The name 'media' does not exist in the current context [C:\code\OJT\Nhánh mnam\ojt_summer25_group2_movie\UI\UI.csproj]
C:\code\OJT\Nhánh mnam\ojt_summer25_group2_movie\UI\Views\Movies\Details.cshtml(405,50): warning CS8602: Dereference of a possibly null reference. [C:\code\OJT\Nhánh mnam\ojt_summer25_group2_movie\UI\UI.csproj]
C:\code\OJT\Nhánh mnam\ojt_summer25_group2_movie\UI\Views\Movies\Details.cshtml(654,50): warning CS8602: Dereference of a possibly null reference. [C:\code\OJT\Nhánh mnam\ojt_summer25_group2_movie\UI\UI.csproj]
C:\code\OJT\Nhánh mnam\ojt_summer25_group2_movie\UI\Views\Movies\SearchResults.cshtml(270,47): warning CS8600: Converting null literal or possible null value to non-nullable type. [C:\code\OJT\Nhánh mnam\ojt_summer25_group2_movie\UI\UI.csproj]
C:\code\OJT\Nhánh mnam\ojt_summer25_group2_movie\UI\Views\Movies\SearchResults.cshtml(274,44): warning CS8600: Converting null literal or possible null value to non-nullable type. [C:\code\OJT\Nhánh mnam\ojt_summer25_group2_movie\UI\UI.csproj]
C:\code\OJT\Nhánh mnam\ojt_summer25_group2_movie\UI\Views\Home\Index.cshtml(281,28): warning CS8600: Converting null literal or possible null value to non-nullable type. [C:\code\OJT\Nhánh mnam\ojt_summer25_group2_movie\UI\UI.csproj]
C:\code\OJT\Nhánh mnam\ojt_summer25_group2_movie\UI\Views\Home\Index.cshtml(419,28): warning CS8600: Converting null literal or possible null value to non-nullable type. [C:\code\OJT\Nhánh mnam\ojt_summer25_group2_movie\UI\UI.csproj]
C:\code\OJT\Nhánh mnam\ojt_summer25_group2_movie\UI\Areas\BookingManagement\Services\BookingManagementUIService.cs(105,40): warning CA2017: Number of parameters supplied in the logging message template do not match the number of named placeholders (https://learn.microsoft.com/dotnet/fundamentals/code-analysis/quality-rules/ca2017) [C:\code\OJT\Nhánh mnam\ojt_summer25_group2_movie\UI\UI.csproj]
C:\code\OJT\Nhánh mnam\ojt_summer25_group2_movie\UI\Areas\BookingManagement\Services\BookingManagementUIService.cs(123,40): warning CA2017: Number of parameters supplied in the logging message template do not match the number of named placeholders (https://learn.microsoft.com/dotnet/fundamentals/code-analysis/quality-rules/ca2017) [C:\code\OJT\Nhánh mnam\ojt_summer25_group2_movie\UI\UI.csproj]
C:\code\OJT\Nhánh mnam\ojt_summer25_group2_movie\UI\Views\Promotions\Index.cshtml(153,6): warning MVC1000: Use of IHtmlHelper.Partial may result in application deadlocks. Consider using <partial> Tag Helper or IHtmlHelper.PartialAsync. [C:\code\OJT\Nhánh mnam\ojt_summer25_group2_movie\UI\UI.csproj]
C:\code\OJT\Nhánh mnam\ojt_summer25_group2_movie\UI\Views\Promotions\Index.cshtml(283,6): warning MVC1000: Use of IHtmlHelper.Partial may result in application deadlocks. Consider using <partial> Tag Helper or IHtmlHelper.PartialAsync. [C:\code\OJT\Nhánh mnam\ojt_summer25_group2_movie\UI\UI.csproj]
C:\code\OJT\Nhánh mnam\ojt_summer25_group2_movie\UI\Views\Events\Index.cshtml(478,6): warning MVC1000: Use of IHtmlHelper.Partial may result in application deadlocks. Consider using <partial> Tag Helper or IHtmlHelper.PartialAsync. [C:\code\OJT\Nhánh mnam\ojt_summer25_group2_movie\UI\UI.csproj]
C:\code\OJT\Nhánh mnam\ojt_summer25_group2_movie\UI\Views\Events\Index.cshtml(703,6): warning MVC1000: Use of IHtmlHelper.Partial may result in application deadlocks. Consider using <partial> Tag Helper or IHtmlHelper.PartialAsync. [C:\code\OJT\Nhánh mnam\ojt_summer25_group2_movie\UI\UI.csproj]
C:\code\OJT\Nhánh mnam\ojt_summer25_group2_movie\UI\Views\Movies\Index.cshtml(502,6): warning MVC1000: Use of IHtmlHelper.Partial may result in application deadlocks. Consider using <partial> Tag Helper or IHtmlHelper.PartialAsync. [C:\code\OJT\Nhánh mnam\ojt_summer25_group2_movie\UI\UI.csproj]
C:\code\OJT\Nhánh mnam\ojt_summer25_group2_movie\UI\Views\Movies\Index.cshtml(913,6): warning MVC1000: Use of IHtmlHelper.Partial may result in application deadlocks. Consider using <partial> Tag Helper or IHtmlHelper.PartialAsync. [C:\code\OJT\Nhánh mnam\ojt_summer25_group2_movie\UI\UI.csproj]
C:\code\OJT\Nhánh mnam\ojt_summer25_group2_movie\UI\Views\Products\Index.cshtml(378,6): warning MVC1000: Use of IHtmlHelper.Partial may result in application deadlocks. Consider using <partial> Tag Helper or IHtmlHelper.PartialAsync. [C:\code\OJT\Nhánh mnam\ojt_summer25_group2_movie\UI\UI.csproj]
C:\code\OJT\Nhánh mnam\ojt_summer25_group2_movie\UI\Views\Products\Index.cshtml(573,6): warning MVC1000: Use of IHtmlHelper.Partial may result in application deadlocks. Consider using <partial> Tag Helper or IHtmlHelper.PartialAsync. [C:\code\OJT\Nhánh mnam\ojt_summer25_group2_movie\UI\UI.csproj]
C:\code\OJT\Nhánh mnam\ojt_summer25_group2_movie\UI\Views\Movies\Details.cshtml(337,6): warning MVC1000: Use of IHtmlHelper.Partial may result in application deadlocks. Consider using <partial> Tag Helper or IHtmlHelper.PartialAsync. [C:\code\OJT\Nhánh mnam\ojt_summer25_group2_movie\UI\UI.csproj]
C:\code\OJT\Nhánh mnam\ojt_summer25_group2_movie\UI\Areas\UserManagement\Views\Account\Profile.cshtml(678,2): warning MVC1000: Use of IHtmlHelper.Partial may result in application deadlocks. Consider using <partial> Tag Helper or IHtmlHelper.PartialAsync. [C:\code\OJT\Nhánh mnam\ojt_summer25_group2_movie\UI\UI.csproj]
C:\code\OJT\Nhánh mnam\ojt_summer25_group2_movie\UI\Views\Home\Index.cshtml(42,4): warning MVC1000: Use of IHtmlHelper.Partial may result in application deadlocks. Consider using <partial> Tag Helper or IHtmlHelper.PartialAsync. [C:\code\OJT\Nhánh mnam\ojt_summer25_group2_movie\UI\UI.csproj]

Build FAILED.

C:\code\OJT\Nhánh mnam\ojt_summer25_group2_movie\UI\Controllers\HomeController.cs(378,28): warning CS8625: Cannot convert null literal to non-nullable reference type. [C:\code\OJT\Nhánh mnam\ojt_summer25_group2_movie\UI\UI.csproj]
C:\code\OJT\Nhánh mnam\ojt_summer25_group2_movie\UI\Controllers\HomeController.cs(433,28): warning CS8625: Cannot convert null literal to non-nullable reference type. [C:\code\OJT\Nhánh mnam\ojt_summer25_group2_movie\UI\UI.csproj]
C:\code\OJT\Nhánh mnam\ojt_summer25_group2_movie\UI\Services\CloudinaryImageService.cs(24,31): warning CS8625: Cannot convert null literal to non-nullable reference type. [C:\code\OJT\Nhánh mnam\ojt_summer25_group2_movie\UI\UI.csproj]
C:\code\OJT\Nhánh mnam\ojt_summer25_group2_movie\UI\Services\CloudinaryImageService.cs(37,35): warning CS8625: Cannot convert null literal to non-nullable reference type. [C:\code\OJT\Nhánh mnam\ojt_summer25_group2_movie\UI\UI.csproj]
C:\code\OJT\Nhánh mnam\ojt_summer25_group2_movie\UI\Services\CloudinaryImageService.cs(11,16): warning CS8618: Non-nullable field '_cloudinary' must contain a non-null value when exiting constructor. Consider adding the 'required' modifier or declaring the field as nullable. [C:\code\OJT\Nhánh mnam\ojt_summer25_group2_movie\UI\UI.csproj]
C:\code\OJT\Nhánh mnam\ojt_summer25_group2_movie\UI\Controllers\SelectSeatController.cs(67,25): warning CS8602: Dereference of a possibly null reference. [C:\code\OJT\Nhánh mnam\ojt_summer25_group2_movie\UI\UI.csproj]
C:\code\OJT\Nhánh mnam\ojt_summer25_group2_movie\UI\Models\SeatSelectionViewModel.cs(36,23): warning CS8618: Non-nullable property 'Message' must contain a non-null value when exiting constructor. Consider adding the 'required' modifier or declaring the property as nullable. [C:\code\OJT\Nhánh mnam\ojt_summer25_group2_movie\UI\UI.csproj]
C:\code\OJT\Nhánh mnam\ojt_summer25_group2_movie\UI\Models\SeatSelectionViewModel.cs(16,23): warning CS8618: Non-nullable property 'RoomName' must contain a non-null value when exiting constructor. Consider adding the 'required' modifier or declaring the property as nullable. [C:\code\OJT\Nhánh mnam\ojt_summer25_group2_movie\UI\UI.csproj]
C:\code\OJT\Nhánh mnam\ojt_summer25_group2_movie\UI\Models\SeatSelectionViewModel.cs(21,23): warning CS8618: Non-nullable property 'MovieTitle' must contain a non-null value when exiting constructor. Consider adding the 'required' modifier or declaring the property as nullable. [C:\code\OJT\Nhánh mnam\ojt_summer25_group2_movie\UI\UI.csproj]
C:\code\OJT\Nhánh mnam\ojt_summer25_group2_movie\UI\Models\SeatSelectionViewModel.cs(23,23): warning CS8618: Non-nullable property 'ShowTime' must contain a non-null value when exiting constructor. Consider adding the 'required' modifier or declaring the property as nullable. [C:\code\OJT\Nhánh mnam\ojt_summer25_group2_movie\UI\UI.csproj]
C:\code\OJT\Nhánh mnam\ojt_summer25_group2_movie\UI\Models\SeatSelectionViewModel.cs(25,23): warning CS8618: Non-nullable property 'MovieDescription' must contain a non-null value when exiting constructor. Consider adding the 'required' modifier or declaring the property as nullable. [C:\code\OJT\Nhánh mnam\ojt_summer25_group2_movie\UI\UI.csproj]
C:\code\OJT\Nhánh mnam\ojt_summer25_group2_movie\UI\Models\SeatSelectionViewModel.cs(26,23): warning CS8618: Non-nullable property 'MovieDirector' must contain a non-null value when exiting constructor. Consider adding the 'required' modifier or declaring the property as nullable. [C:\code\OJT\Nhánh mnam\ojt_summer25_group2_movie\UI\UI.csproj]
C:\code\OJT\Nhánh mnam\ojt_summer25_group2_movie\UI\Models\SeatSelectionViewModel.cs(27,23): warning CS8618: Non-nullable property 'MovieActors' must contain a non-null value when exiting constructor. Consider adding the 'required' modifier or declaring the property as nullable. [C:\code\OJT\Nhánh mnam\ojt_summer25_group2_movie\UI\UI.csproj]
C:\code\OJT\Nhánh mnam\ojt_summer25_group2_movie\UI\Models\SeatSelectionViewModel.cs(29,23): warning CS8618: Non-nullable property 'MoviePrimaryImageUrl' must contain a non-null value when exiting constructor. Consider adding the 'required' modifier or declaring the property as nullable. [C:\code\OJT\Nhánh mnam\ojt_summer25_group2_movie\UI\UI.csproj]
C:\code\OJT\Nhánh mnam\ojt_summer25_group2_movie\UI\Models\SeatSelectionViewModel.cs(6,23): warning CS8618: Non-nullable property 'SeatCode' must contain a non-null value when exiting constructor. Consider adding the 'required' modifier or declaring the property as nullable. [C:\code\OJT\Nhánh mnam\ojt_summer25_group2_movie\UI\UI.csproj]
C:\code\OJT\Nhánh mnam\ojt_summer25_group2_movie\UI\Models\SeatSelectionViewModel.cs(7,23): warning CS8618: Non-nullable property 'SeatType' must contain a non-null value when exiting constructor. Consider adding the 'required' modifier or declaring the property as nullable. [C:\code\OJT\Nhánh mnam\ojt_summer25_group2_movie\UI\UI.csproj]
C:\code\OJT\Nhánh mnam\ojt_summer25_group2_movie\UI\Models\PromotionViewModels.cs(7,23): warning CS8618: Non-nullable property 'Id' must contain a non-null value when exiting constructor. Consider adding the 'required' modifier or declaring the property as nullable. [C:\code\OJT\Nhánh mnam\ojt_summer25_group2_movie\UI\UI.csproj]
C:\code\OJT\Nhánh mnam\ojt_summer25_group2_movie\UI\Models\PromotionViewModels.cs(10,23): warning CS8618: Non-nullable property 'Title' must contain a non-null value when exiting constructor. Consider adding the 'required' modifier or declaring the property as nullable. [C:\code\OJT\Nhánh mnam\ojt_summer25_group2_movie\UI\UI.csproj]
C:\code\OJT\Nhánh mnam\ojt_summer25_group2_movie\UI\Models\PromotionViewModels.cs(22,23): warning CS8618: Non-nullable property 'Description' must contain a non-null value when exiting constructor. Consider adding the 'required' modifier or declaring the property as nullable. [C:\code\OJT\Nhánh mnam\ojt_summer25_group2_movie\UI\UI.csproj]
C:\code\OJT\Nhánh mnam\ojt_summer25_group2_movie\UI\Models\PromotionViewModels.cs(24,23): warning CS8618: Non-nullable property 'ImageUrl' must contain a non-null value when exiting constructor. Consider adding the 'required' modifier or declaring the property as nullable. [C:\code\OJT\Nhánh mnam\ojt_summer25_group2_movie\UI\UI.csproj]
C:\code\OJT\Nhánh mnam\ojt_summer25_group2_movie\UI\Models\MovieDetailDto.cs(18,23): warning CS8618: Non-nullable property 'Name' must contain a non-null value when exiting constructor. Consider adding the 'required' modifier or declaring the property as nullable. [C:\code\OJT\Nhánh mnam\ojt_summer25_group2_movie\UI\UI.csproj]
C:\code\OJT\Nhánh mnam\ojt_summer25_group2_movie\UI\Models\MovieDetailDto.cs(19,23): warning CS8618: Non-nullable property 'Description' must contain a non-null value when exiting constructor. Consider adding the 'required' modifier or declaring the property as nullable. [C:\code\OJT\Nhánh mnam\ojt_summer25_group2_movie\UI\UI.csproj]
C:\code\OJT\Nhánh mnam\ojt_summer25_group2_movie\UI\Models\MovieDetailDto.cs(6,23): warning CS8618: Non-nullable property 'Title' must contain a non-null value when exiting constructor. Consider adding the 'required' modifier or declaring the property as nullable. [C:\code\OJT\Nhánh mnam\ojt_summer25_group2_movie\UI\UI.csproj]
C:\code\OJT\Nhánh mnam\ojt_summer25_group2_movie\UI\Models\MovieDetailDto.cs(7,23): warning CS8618: Non-nullable property 'Content' must contain a non-null value when exiting constructor. Consider adding the 'required' modifier or declaring the property as nullable. [C:\code\OJT\Nhánh mnam\ojt_summer25_group2_movie\UI\UI.csproj]
C:\code\OJT\Nhánh mnam\ojt_summer25_group2_movie\UI\Models\MovieDetailDto.cs(8,23): warning CS8618: Non-nullable property 'Director' must contain a non-null value when exiting constructor. Consider adding the 'required' modifier or declaring the property as nullable. [C:\code\OJT\Nhánh mnam\ojt_summer25_group2_movie\UI\UI.csproj]
C:\code\OJT\Nhánh mnam\ojt_summer25_group2_movie\UI\Models\MovieDetailDto.cs(9,23): warning CS8618: Non-nullable property 'Actors' must contain a non-null value when exiting constructor. Consider adding the 'required' modifier or declaring the property as nullable. [C:\code\OJT\Nhánh mnam\ojt_summer25_group2_movie\UI\UI.csproj]
C:\code\OJT\Nhánh mnam\ojt_summer25_group2_movie\UI\Models\MovieDetailDto.cs(11,23): warning CS8618: Non-nullable property 'PrimaryImageUrl' must contain a non-null value when exiting constructor. Consider adding the 'required' modifier or declaring the property as nullable. [C:\code\OJT\Nhánh mnam\ojt_summer25_group2_movie\UI\UI.csproj]
C:\code\OJT\Nhánh mnam\ojt_summer25_group2_movie\UI\Models\MovieDetailDto.cs(12,31): warning CS8618: Non-nullable property 'Genres' must contain a non-null value when exiting constructor. Consider adding the 'required' modifier or declaring the property as nullable. [C:\code\OJT\Nhánh mnam\ojt_summer25_group2_movie\UI\UI.csproj]
C:\code\OJT\Nhánh mnam\ojt_summer25_group2_movie\UI\Models\MovieDateShowtimeDropdown.cs(19,18): warning CS8618: Non-nullable property 'Data' must contain a non-null value when exiting constructor. Consider adding the 'required' modifier or declaring the property as nullable. [C:\code\OJT\Nhánh mnam\ojt_summer25_group2_movie\UI\UI.csproj]
C:\code\OJT\Nhánh mnam\ojt_summer25_group2_movie\UI\Models\MovieDateShowtimeDropdown.cs(21,23): warning CS8618: Non-nullable property 'Message' must contain a non-null value when exiting constructor. Consider adding the 'required' modifier or declaring the property as nullable. [C:\code\OJT\Nhánh mnam\ojt_summer25_group2_movie\UI\UI.csproj]
C:\code\OJT\Nhánh mnam\ojt_summer25_group2_movie\UI\Models\MovieDateShowtimeDropdown.cs(12,23): warning CS8618: Non-nullable property 'Time' must contain a non-null value when exiting constructor. Consider adding the 'required' modifier or declaring the property as nullable. [C:\code\OJT\Nhánh mnam\ojt_summer25_group2_movie\UI\UI.csproj]
C:\code\OJT\Nhánh mnam\ojt_summer25_group2_movie\UI\Models\MovieDateShowtimeDropdown.cs(6,23): warning CS8618: Non-nullable property 'Title' must contain a non-null value when exiting constructor. Consider adding the 'required' modifier or declaring the property as nullable. [C:\code\OJT\Nhánh mnam\ojt_summer25_group2_movie\UI\UI.csproj]
C:\code\OJT\Nhánh mnam\ojt_summer25_group2_movie\UI\Controllers\BookTicketController.cs(31,36): warning CS8601: Possible null reference assignment. [C:\code\OJT\Nhánh mnam\ojt_summer25_group2_movie\UI\UI.csproj]
C:\code\OJT\Nhánh mnam\ojt_summer25_group2_movie\UI\Controllers\BookTicketController.cs(32,83): warning CS8602: Dereference of a possibly null reference. [C:\code\OJT\Nhánh mnam\ojt_summer25_group2_movie\UI\UI.csproj]
C:\code\OJT\Nhánh mnam\ojt_summer25_group2_movie\UI\Views\Shared\_SharedHeader.cshtml(56,39): warning CS8602: Dereference of a possibly null reference. [C:\code\OJT\Nhánh mnam\ojt_summer25_group2_movie\UI\UI.csproj]
C:\code\OJT\Nhánh mnam\ojt_summer25_group2_movie\UI\Areas\UserManagement\Controllers\AccountController.cs(50,32): warning CS8601: Possible null reference assignment. [C:\code\OJT\Nhánh mnam\ojt_summer25_group2_movie\UI\UI.csproj]
C:\code\OJT\Nhánh mnam\ojt_summer25_group2_movie\UI\Controllers\HomeController.cs(396,46): warning CS8604: Possible null reference argument for parameter 'movies' in 'List<MovieViewModel> HomeController.ApplySorting(List<MovieViewModel> movies, string sortBy, string sortOrder)'. [C:\code\OJT\Nhánh mnam\ojt_summer25_group2_movie\UI\UI.csproj]
C:\code\OJT\Nhánh mnam\ojt_summer25_group2_movie\UI\Controllers\HomeController.cs(447,46): warning CS8604: Possible null reference argument for parameter 'movies' in 'List<MovieViewModel> HomeController.ApplyFilters(List<MovieViewModel> movies, string genre, DateTime? fromDate, DateTime? toDate)'. [C:\code\OJT\Nhánh mnam\ojt_summer25_group2_movie\UI\UI.csproj]
C:\code\OJT\Nhánh mnam\ojt_summer25_group2_movie\UI\Areas\BookingManagement\Controllers\BookingController.cs(30,42): warning CS1998: This async method lacks 'await' operators and will run synchronously. Consider using the 'await' operator to await non-blocking API calls, or 'await Task.Run(...)' to do CPU-bound work on a background thread. [C:\code\OJT\Nhánh mnam\ojt_summer25_group2_movie\UI\UI.csproj]
C:\code\OJT\Nhánh mnam\ojt_summer25_group2_movie\UI\Areas\BookingManagement\Controllers\BookingController.cs(134,25): warning CS8602: Dereference of a possibly null reference. [C:\code\OJT\Nhánh mnam\ojt_summer25_group2_movie\UI\UI.csproj]
C:\code\OJT\Nhánh mnam\ojt_summer25_group2_movie\UI\Areas\BookingManagement\Controllers\BookingController.cs(168,62): warning CS8602: Dereference of a possibly null reference. [C:\code\OJT\Nhánh mnam\ojt_summer25_group2_movie\UI\UI.csproj]
C:\code\OJT\Nhánh mnam\ojt_summer25_group2_movie\UI\Areas\BookingManagement\Controllers\BookingController.cs(248,42): warning CS1998: This async method lacks 'await' operators and will run synchronously. Consider using the 'await' operator to await non-blocking API calls, or 'await Task.Run(...)' to do CPU-bound work on a background thread. [C:\code\OJT\Nhánh mnam\ojt_summer25_group2_movie\UI\UI.csproj]
C:\code\OJT\Nhánh mnam\ojt_summer25_group2_movie\UI\Areas\BookingManagement\Controllers\BookingController.cs(257,42): warning CS1998: This async method lacks 'await' operators and will run synchronously. Consider using the 'await' operator to await non-blocking API calls, or 'await Task.Run(...)' to do CPU-bound work on a background thread. [C:\code\OJT\Nhánh mnam\ojt_summer25_group2_movie\UI\UI.csproj]
C:\code\OJT\Nhánh mnam\ojt_summer25_group2_movie\UI\Views\Shared\_Header.cshtml(47,71): warning CS8602: Dereference of a possibly null reference. [C:\code\OJT\Nhánh mnam\ojt_summer25_group2_movie\UI\UI.csproj]
C:\code\OJT\Nhánh mnam\ojt_summer25_group2_movie\UI\Areas\BookingManagement\Controllers\BookingController.cs(281,42): warning CS1998: This async method lacks 'await' operators and will run synchronously. Consider using the 'await' operator to await non-blocking API calls, or 'await Task.Run(...)' to do CPU-bound work on a background thread. [C:\code\OJT\Nhánh mnam\ojt_summer25_group2_movie\UI\UI.csproj]
C:\code\OJT\Nhánh mnam\ojt_summer25_group2_movie\UI\Areas\BookingManagement\Controllers\BookingController.cs(299,42): warning CS1998: This async method lacks 'await' operators and will run synchronously. Consider using the 'await' operator to await non-blocking API calls, or 'await Task.Run(...)' to do CPU-bound work on a background thread. [C:\code\OJT\Nhánh mnam\ojt_summer25_group2_movie\UI\UI.csproj]
C:\code\OJT\Nhánh mnam\ojt_summer25_group2_movie\UI\Areas\BookingManagement\Controllers\BookingController.cs(328,42): warning CS1998: This async method lacks 'await' operators and will run synchronously. Consider using the 'await' operator to await non-blocking API calls, or 'await Task.Run(...)' to do CPU-bound work on a background thread. [C:\code\OJT\Nhánh mnam\ojt_summer25_group2_movie\UI\UI.csproj]
C:\code\OJT\Nhánh mnam\ojt_summer25_group2_movie\UI\Views\Movies\Details.cshtml(405,50): warning CS8602: Dereference of a possibly null reference. [C:\code\OJT\Nhánh mnam\ojt_summer25_group2_movie\UI\UI.csproj]
C:\code\OJT\Nhánh mnam\ojt_summer25_group2_movie\UI\Views\Movies\Details.cshtml(654,50): warning CS8602: Dereference of a possibly null reference. [C:\code\OJT\Nhánh mnam\ojt_summer25_group2_movie\UI\UI.csproj]
C:\code\OJT\Nhánh mnam\ojt_summer25_group2_movie\UI\Views\Movies\SearchResults.cshtml(270,47): warning CS8600: Converting null literal or possible null value to non-nullable type. [C:\code\OJT\Nhánh mnam\ojt_summer25_group2_movie\UI\UI.csproj]
C:\code\OJT\Nhánh mnam\ojt_summer25_group2_movie\UI\Views\Movies\SearchResults.cshtml(274,44): warning CS8600: Converting null literal or possible null value to non-nullable type. [C:\code\OJT\Nhánh mnam\ojt_summer25_group2_movie\UI\UI.csproj]
C:\code\OJT\Nhánh mnam\ojt_summer25_group2_movie\UI\Views\Home\Index.cshtml(281,28): warning CS8600: Converting null literal or possible null value to non-nullable type. [C:\code\OJT\Nhánh mnam\ojt_summer25_group2_movie\UI\UI.csproj]
C:\code\OJT\Nhánh mnam\ojt_summer25_group2_movie\UI\Views\Home\Index.cshtml(419,28): warning CS8600: Converting null literal or possible null value to non-nullable type. [C:\code\OJT\Nhánh mnam\ojt_summer25_group2_movie\UI\UI.csproj]
C:\code\OJT\Nhánh mnam\ojt_summer25_group2_movie\UI\Areas\BookingManagement\Services\BookingManagementUIService.cs(105,40): warning CA2017: Number of parameters supplied in the logging message template do not match the number of named placeholders (https://learn.microsoft.com/dotnet/fundamentals/code-analysis/quality-rules/ca2017) [C:\code\OJT\Nhánh mnam\ojt_summer25_group2_movie\UI\UI.csproj]
C:\code\OJT\Nhánh mnam\ojt_summer25_group2_movie\UI\Areas\BookingManagement\Services\BookingManagementUIService.cs(123,40): warning CA2017: Number of parameters supplied in the logging message template do not match the number of named placeholders (https://learn.microsoft.com/dotnet/fundamentals/code-analysis/quality-rules/ca2017) [C:\code\OJT\Nhánh mnam\ojt_summer25_group2_movie\UI\UI.csproj]
C:\code\OJT\Nhánh mnam\ojt_summer25_group2_movie\UI\Views\Promotions\Index.cshtml(153,6): warning MVC1000: Use of IHtmlHelper.Partial may result in application deadlocks. Consider using <partial> Tag Helper or IHtmlHelper.PartialAsync. [C:\code\OJT\Nhánh mnam\ojt_summer25_group2_movie\UI\UI.csproj]
C:\code\OJT\Nhánh mnam\ojt_summer25_group2_movie\UI\Views\Promotions\Index.cshtml(283,6): warning MVC1000: Use of IHtmlHelper.Partial may result in application deadlocks. Consider using <partial> Tag Helper or IHtmlHelper.PartialAsync. [C:\code\OJT\Nhánh mnam\ojt_summer25_group2_movie\UI\UI.csproj]
C:\code\OJT\Nhánh mnam\ojt_summer25_group2_movie\UI\Views\Events\Index.cshtml(478,6): warning MVC1000: Use of IHtmlHelper.Partial may result in application deadlocks. Consider using <partial> Tag Helper or IHtmlHelper.PartialAsync. [C:\code\OJT\Nhánh mnam\ojt_summer25_group2_movie\UI\UI.csproj]
C:\code\OJT\Nhánh mnam\ojt_summer25_group2_movie\UI\Views\Events\Index.cshtml(703,6): warning MVC1000: Use of IHtmlHelper.Partial may result in application deadlocks. Consider using <partial> Tag Helper or IHtmlHelper.PartialAsync. [C:\code\OJT\Nhánh mnam\ojt_summer25_group2_movie\UI\UI.csproj]
C:\code\OJT\Nhánh mnam\ojt_summer25_group2_movie\UI\Views\Movies\Index.cshtml(502,6): warning MVC1000: Use of IHtmlHelper.Partial may result in application deadlocks. Consider using <partial> Tag Helper or IHtmlHelper.PartialAsync. [C:\code\OJT\Nhánh mnam\ojt_summer25_group2_movie\UI\UI.csproj]
C:\code\OJT\Nhánh mnam\ojt_summer25_group2_movie\UI\Views\Movies\Index.cshtml(913,6): warning MVC1000: Use of IHtmlHelper.Partial may result in application deadlocks. Consider using <partial> Tag Helper or IHtmlHelper.PartialAsync. [C:\code\OJT\Nhánh mnam\ojt_summer25_group2_movie\UI\UI.csproj]
C:\code\OJT\Nhánh mnam\ojt_summer25_group2_movie\UI\Views\Products\Index.cshtml(378,6): warning MVC1000: Use of IHtmlHelper.Partial may result in application deadlocks. Consider using <partial> Tag Helper or IHtmlHelper.PartialAsync. [C:\code\OJT\Nhánh mnam\ojt_summer25_group2_movie\UI\UI.csproj]
C:\code\OJT\Nhánh mnam\ojt_summer25_group2_movie\UI\Views\Products\Index.cshtml(573,6): warning MVC1000: Use of IHtmlHelper.Partial may result in application deadlocks. Consider using <partial> Tag Helper or IHtmlHelper.PartialAsync. [C:\code\OJT\Nhánh mnam\ojt_summer25_group2_movie\UI\UI.csproj]
C:\code\OJT\Nhánh mnam\ojt_summer25_group2_movie\UI\Views\Movies\Details.cshtml(337,6): warning MVC1000: Use of IHtmlHelper.Partial may result in application deadlocks. Consider using <partial> Tag Helper or IHtmlHelper.PartialAsync. [C:\code\OJT\Nhánh mnam\ojt_summer25_group2_movie\UI\UI.csproj]
C:\code\OJT\Nhánh mnam\ojt_summer25_group2_movie\UI\Areas\UserManagement\Views\Account\Profile.cshtml(678,2): warning MVC1000: Use of IHtmlHelper.Partial may result in application deadlocks. Consider using <partial> Tag Helper or IHtmlHelper.PartialAsync. [C:\code\OJT\Nhánh mnam\ojt_summer25_group2_movie\UI\UI.csproj]
C:\code\OJT\Nhánh mnam\ojt_summer25_group2_movie\UI\Views\Home\Index.cshtml(42,4): warning MVC1000: Use of IHtmlHelper.Partial may result in application deadlocks. Consider using <partial> Tag Helper or IHtmlHelper.PartialAsync. [C:\code\OJT\Nhánh mnam\ojt_summer25_group2_movie\UI\UI.csproj]
C:\code\OJT\Nhánh mnam\ojt_summer25_group2_movie\UI\Areas\UserManagement\Views\Members\Create.cshtml(558,43): error RZ1005: "]" is not valid at the start of a code block.  Only identifiers, keywords, comments, "(" and "{" are valid. [C:\code\OJT\Nhánh mnam\ojt_summer25_group2_movie\UI\UI.csproj]
C:\code\OJT\Nhánh mnam\ojt_summer25_group2_movie\UI\Areas\UserManagement\Views\Members\Create.cshtml(558,46): error RZ1005: "[" is not valid at the start of a code block.  Only identifiers, keywords, comments, "(" and "{" are valid. [C:\code\OJT\Nhánh mnam\ojt_summer25_group2_movie\UI\UI.csproj]
C:\code\OJT\Nhánh mnam\ojt_summer25_group2_movie\UI\Areas\UserManagement\Views\Members\Create.cshtml(558,51): error RZ1005: "]" is not valid at the start of a code block.  Only identifiers, keywords, comments, "(" and "{" are valid. [C:\code\OJT\Nhánh mnam\ojt_summer25_group2_movie\UI\UI.csproj]
C:\code\OJT\Nhánh mnam\ojt_summer25_group2_movie\UI\Areas\UserManagement\Views\Members\Create.cshtml(558,60): error RZ1005: "]" is not valid at the start of a code block.  Only identifiers, keywords, comments, "(" and "{" are valid. [C:\code\OJT\Nhánh mnam\ojt_summer25_group2_movie\UI\UI.csproj]
C:\code\OJT\Nhánh mnam\ojt_summer25_group2_movie\UI\Areas\UserManagement\Views\Members\Edit.cshtml(787,43): error RZ1005: "]" is not valid at the start of a code block.  Only identifiers, keywords, comments, "(" and "{" are valid. [C:\code\OJT\Nhánh mnam\ojt_summer25_group2_movie\UI\UI.csproj]
C:\code\OJT\Nhánh mnam\ojt_summer25_group2_movie\UI\Areas\UserManagement\Views\Members\Edit.cshtml(787,46): error RZ1005: "[" is not valid at the start of a code block.  Only identifiers, keywords, comments, "(" and "{" are valid. [C:\code\OJT\Nhánh mnam\ojt_summer25_group2_movie\UI\UI.csproj]
C:\code\OJT\Nhánh mnam\ojt_summer25_group2_movie\UI\Areas\UserManagement\Views\Members\Edit.cshtml(787,51): error RZ1005: "]" is not valid at the start of a code block.  Only identifiers, keywords, comments, "(" and "{" are valid. [C:\code\OJT\Nhánh mnam\ojt_summer25_group2_movie\UI\UI.csproj]
C:\code\OJT\Nhánh mnam\ojt_summer25_group2_movie\UI\Areas\UserManagement\Views\Members\Edit.cshtml(787,60): error RZ1005: "]" is not valid at the start of a code block.  Only identifiers, keywords, comments, "(" and "{" are valid. [C:\code\OJT\Nhánh mnam\ojt_summer25_group2_movie\UI\UI.csproj]
C:\code\OJT\Nhánh mnam\ojt_summer25_group2_movie\UI\obj\Debug\net8.0\Microsoft.CodeAnalysis.Razor.Compiler\Microsoft.NET.Sdk.Razor.SourceGenerators.RazorSourceGenerator\Areas_UserManagement_Views_Members_Create_cshtml.g.cs(882,17): error CS1501: No overload for method 'Write' takes 0 arguments [C:\code\OJT\Nhánh mnam\ojt_summer25_group2_movie\UI\UI.csproj]
C:\code\OJT\Nhánh mnam\ojt_summer25_group2_movie\UI\obj\Debug\net8.0\Microsoft.CodeAnalysis.Razor.Compiler\Microsoft.NET.Sdk.Razor.SourceGenerators.RazorSourceGenerator\Areas_UserManagement_Views_Members_Create_cshtml.g.cs(891,17): error CS1501: No overload for method 'Write' takes 0 arguments [C:\code\OJT\Nhánh mnam\ojt_summer25_group2_movie\UI\UI.csproj]
C:\code\OJT\Nhánh mnam\ojt_summer25_group2_movie\UI\obj\Debug\net8.0\Microsoft.CodeAnalysis.Razor.Compiler\Microsoft.NET.Sdk.Razor.SourceGenerators.RazorSourceGenerator\Areas_UserManagement_Views_Members_Create_cshtml.g.cs(900,17): error CS1501: No overload for method 'Write' takes 0 arguments [C:\code\OJT\Nhánh mnam\ojt_summer25_group2_movie\UI\UI.csproj]
C:\code\OJT\Nhánh mnam\ojt_summer25_group2_movie\UI\obj\Debug\net8.0\Microsoft.CodeAnalysis.Razor.Compiler\Microsoft.NET.Sdk.Razor.SourceGenerators.RazorSourceGenerator\Areas_UserManagement_Views_Members_Create_cshtml.g.cs(909,17): error CS1501: No overload for method 'Write' takes 0 arguments [C:\code\OJT\Nhánh mnam\ojt_summer25_group2_movie\UI\UI.csproj]
C:\code\OJT\Nhánh mnam\ojt_summer25_group2_movie\UI\obj\Debug\net8.0\Microsoft.CodeAnalysis.Razor.Compiler\Microsoft.NET.Sdk.Razor.SourceGenerators.RazorSourceGenerator\Areas_UserManagement_Views_Members_Edit_cshtml.g.cs(1127,17): error CS1501: No overload for method 'Write' takes 0 arguments [C:\code\OJT\Nhánh mnam\ojt_summer25_group2_movie\UI\UI.csproj]
C:\code\OJT\Nhánh mnam\ojt_summer25_group2_movie\UI\obj\Debug\net8.0\Microsoft.CodeAnalysis.Razor.Compiler\Microsoft.NET.Sdk.Razor.SourceGenerators.RazorSourceGenerator\Areas_UserManagement_Views_Members_Edit_cshtml.g.cs(1136,17): error CS1501: No overload for method 'Write' takes 0 arguments [C:\code\OJT\Nhánh mnam\ojt_summer25_group2_movie\UI\UI.csproj]
C:\code\OJT\Nhánh mnam\ojt_summer25_group2_movie\UI\obj\Debug\net8.0\Microsoft.CodeAnalysis.Razor.Compiler\Microsoft.NET.Sdk.Razor.SourceGenerators.RazorSourceGenerator\Areas_UserManagement_Views_Members_Edit_cshtml.g.cs(1145,17): error CS1501: No overload for method 'Write' takes 0 arguments [C:\code\OJT\Nhánh mnam\ojt_summer25_group2_movie\UI\UI.csproj]
C:\code\OJT\Nhánh mnam\ojt_summer25_group2_movie\UI\obj\Debug\net8.0\Microsoft.CodeAnalysis.Razor.Compiler\Microsoft.NET.Sdk.Razor.SourceGenerators.RazorSourceGenerator\Areas_UserManagement_Views_Members_Edit_cshtml.g.cs(1154,17): error CS1501: No overload for method 'Write' takes 0 arguments [C:\code\OJT\Nhánh mnam\ojt_summer25_group2_movie\UI\UI.csproj]
C:\code\OJT\Nhánh mnam\ojt_summer25_group2_movie\UI\Areas\UserManagement\Views\Members\Index.cshtml(643,10): error CS0103: The name 'keyframes' does not exist in the current context [C:\code\OJT\Nhánh mnam\ojt_summer25_group2_movie\UI\UI.csproj]
C:\code\OJT\Nhánh mnam\ojt_summer25_group2_movie\UI\Areas\UserManagement\Views\Members\Index.cshtml(740,10): error CS0103: The name 'keyframes' does not exist in the current context [C:\code\OJT\Nhánh mnam\ojt_summer25_group2_movie\UI\UI.csproj]
C:\code\OJT\Nhánh mnam\ojt_summer25_group2_movie\UI\Areas\UserManagement\Views\Members\Index.cshtml(749,10): error CS0103: The name 'keyframes' does not exist in the current context [C:\code\OJT\Nhánh mnam\ojt_summer25_group2_movie\UI\UI.csproj]
C:\code\OJT\Nhánh mnam\ojt_summer25_group2_movie\UI\Areas\UserManagement\Views\Members\Index.cshtml(982,10): error CS0103: The name 'keyframes' does not exist in the current context [C:\code\OJT\Nhánh mnam\ojt_summer25_group2_movie\UI\UI.csproj]
C:\code\OJT\Nhánh mnam\ojt_summer25_group2_movie\UI\Areas\UserManagement\Views\Members\Index.cshtml(993,10): error CS0103: The name 'keyframes' does not exist in the current context [C:\code\OJT\Nhánh mnam\ojt_summer25_group2_movie\UI\UI.csproj]
C:\code\OJT\Nhánh mnam\ojt_summer25_group2_movie\UI\Areas\UserManagement\Views\Members\Index.cshtml(1004,10): error CS0103: The name 'keyframes' does not exist in the current context [C:\code\OJT\Nhánh mnam\ojt_summer25_group2_movie\UI\UI.csproj]
C:\code\OJT\Nhánh mnam\ojt_summer25_group2_movie\UI\Areas\UserManagement\Views\Members\Index.cshtml(1028,10): error CS0103: The name 'media' does not exist in the current context [C:\code\OJT\Nhánh mnam\ojt_summer25_group2_movie\UI\UI.csproj]
C:\code\OJT\Nhánh mnam\ojt_summer25_group2_movie\UI\Areas\UserManagement\Views\Members\Index.cshtml(1034,10): error CS0103: The name 'media' does not exist in the current context [C:\code\OJT\Nhánh mnam\ojt_summer25_group2_movie\UI\UI.csproj]
C:\code\OJT\Nhánh mnam\ojt_summer25_group2_movie\UI\Areas\UserManagement\Views\Members\Index.cshtml(1093,10): error CS0103: The name 'media' does not exist in the current context [C:\code\OJT\Nhánh mnam\ojt_summer25_group2_movie\UI\UI.csproj]
    66 Warning(s)
    25 Error(s)

Time Elapsed 00:00:03.08
